// Jest Snapshot v1, https://goo.gl/fbAQLP

exports[`<ReclaimEscrowForm /> should match snapshot 1`] = `
.c1 {
  display: -webkit-box;
  display: -webkit-flex;
  display: -ms-flexbox;
  display: flex;
  box-sizing: border-box;
  max-width: 100%;
  min-width: 0;
  min-height: 0;
  -webkit-flex-direction: row;
  -ms-flex-direction: row;
  flex-direction: row;
  padding-top: 12px;
}

.c2 {
  display: -webkit-box;
  display: -webkit-flex;
  display: -ms-flexbox;
  display: flex;
  box-sizing: border-box;
  max-width: 100%;
  background-color: #FFFFFF;
  color: #16213E;
  min-width: 0;
  min-height: 0;
  -webkit-flex-direction: column;
  -ms-flex-direction: column;
  flex-direction: column;
}

.c3 {
  display: -webkit-box;
  display: -webkit-flex;
  display: -ms-flexbox;
  display: flex;
  box-sizing: border-box;
  max-width: 100%;
  min-width: 0;
  min-height: 0;
  -webkit-flex-direction: column;
  -ms-flex-direction: column;
  flex-direction: column;
  width: 192px;
}

.c6 {
  -webkit-flex: 0 0 auto;
  -ms-flex: 0 0 auto;
  flex: 0 0 auto;
  -webkit-align-self: stretch;
  -ms-flex-item-align: stretch;
  align-self: stretch;
  width: 12px;
}

.c7 {
  display: inline-block;
  box-sizing: border-box;
  cursor: pointer;
  font: inherit;
  -webkit-text-decoration: none;
  text-decoration: none;
  margin: 0;
  background: transparent;
  overflow: visible;
  text-transform: none;
  border: 2px solid #0092f6;
  border-radius: 4px;
  color: #16213E;
  padding: 4px 22px;
  font-size: 18px;
  line-height: 24px;
  background-color: #0092f6;
  color: #F8F8F8;
  border-radius: 4px;
  -webkit-transition-property: color,background-color,border-color,box-shadow;
  transition-property: color,background-color,border-color,box-shadow;
  -webkit-transition-duration: 0.1s;
  transition-duration: 0.1s;
  -webkit-transition-timing-function: ease-in-out;
  transition-timing-function: ease-in-out;
  font-weight: bold;
}

.c7:hover {
  box-shadow: 0px 0px 0px 2px #0092f6;
}

.c7:focus {
  outline: none;
  box-shadow: 0 0 2px 2px #6FFFB0;
}

.c7:focus > circle,
.c7:focus > ellipse,
.c7:focus > line,
.c7:focus > path,
.c7:focus > polygon,
.c7:focus > polyline,
.c7:focus > rect {
  outline: none;
  box-shadow: 0 0 2px 2px #6FFFB0;
}

.c7:focus::-moz-focus-inner {
  border: 0;
}

.c7:focus:not(:focus-visible) {
  outline: none;
  box-shadow: none;
}

.c7:focus:not(:focus-visible) > circle,.c7:focus:not(:focus-visible) > ellipse,
.c7:focus:not(:focus-visible) > line,.c7:focus:not(:focus-visible) > path,
.c7:focus:not(:focus-visible) > polygon,.c7:focus:not(:focus-visible) > polyline,
.c7:focus:not(:focus-visible) > rect {
  outline: none;
  box-shadow: none;
}

.c7:focus:not(:focus-visible)::-moz-focus-inner {
  border: 0;
}

.c8 {
  display: inline-block;
  box-sizing: border-box;
  cursor: pointer;
  font: inherit;
  -webkit-text-decoration: none;
  text-decoration: none;
  margin: 0;
  background: transparent;
  overflow: visible;
  text-transform: none;
  border: 2px solid #0092f6;
  border-radius: 4px;
  color: #16213E;
  padding: 4px 22px;
  font-size: 18px;
  line-height: 24px;
  -webkit-transition-property: color,background-color,border-color,box-shadow;
  transition-property: color,background-color,border-color,box-shadow;
  -webkit-transition-duration: 0.1s;
  transition-duration: 0.1s;
  -webkit-transition-timing-function: ease-in-out;
  transition-timing-function: ease-in-out;
  font-weight: bold;
}

.c8:hover {
  box-shadow: 0px 0px 0px 2px #0092f6;
}

.c8:focus {
  outline: none;
  box-shadow: 0 0 2px 2px #6FFFB0;
}

.c8:focus > circle,
.c8:focus > ellipse,
.c8:focus > line,
.c8:focus > path,
.c8:focus > polygon,
.c8:focus > polyline,
.c8:focus > rect {
  outline: none;
  box-shadow: 0 0 2px 2px #6FFFB0;
}

.c8:focus::-moz-focus-inner {
  border: 0;
}

.c8:focus:not(:focus-visible) {
  outline: none;
  box-shadow: none;
}

.c8:focus:not(:focus-visible) > circle,.c8:focus:not(:focus-visible) > ellipse,
.c8:focus:not(:focus-visible) > line,.c8:focus:not(:focus-visible) > path,
.c8:focus:not(:focus-visible) > polygon,.c8:focus:not(:focus-visible) > polyline,
.c8:focus:not(:focus-visible) > rect {
  outline: none;
  box-shadow: none;
}

.c8:focus:not(:focus-visible)::-moz-focus-inner {
  border: 0;
}

.c5 {
  box-sizing: border-box;
  font-size: inherit;
  font-family: inherit;
  border: none;
  -webkit-appearance: none;
  background: transparent;
  color: inherit;
  width: 100%;
  padding: 11px;
  font-weight: 600;
  margin: 0;
  font-size: 18px;
  line-height: 24px;
  border: 1px solid rgba(0,0,0,0.33);
  border-radius: 4px;
}

.c5:focus {
  outline: none;
  box-shadow: 0 0 2px 2px #6FFFB0;
}

.c5:focus > circle,
.c5:focus > ellipse,
.c5:focus > line,
.c5:focus > path,
.c5:focus > polygon,
.c5:focus > polyline,
.c5:focus > rect {
  outline: none;
  box-shadow: 0 0 2px 2px #6FFFB0;
}

.c5:focus::-moz-focus-inner {
  border: 0;
}

.c5::-webkit-input-placeholder {
  color: #AAAAAA;
}

.c5::-moz-placeholder {
  color: #AAAAAA;
}

.c5:-ms-input-placeholder {
  color: #AAAAAA;
}

.c5::-webkit-search-decoration {
  -webkit-appearance: none;
}

.c5::-moz-focus-inner {
  border: none;
  outline: none;
}

.c5:-moz-placeholder,
.c5::-moz-placeholder {
  opacity: 1;
}

.c4 {
  position: relative;
  width: 100%;
}

.c0 {
  font-family: Rubik;
  font-size: 18px;
  line-height: 24px;
  background-color: #ffffff;
  color: #16213E;
  box-sizing: border-box;
  -webkit-text-size-adjust: 100%;
  -ms-text-size-adjust: 100%;
  -moz-osx-font-smoothing: grayscale;
  -webkit-font-smoothing: antialiased;
}

@media only screen and (max-width:768px) {
  .c1 {
    padding-top: 6px;
  }
}

@media only screen and (max-width:768px) {
  .c6 {
    width: 6px;
  }
}

<div
  class="c0"
  style="min-height: 100vh;"
>
  <form>
    <div
      class="c1"
    >
      <div
        class="c2"
      >
        <div
          class="c3"
        >
          <div
            class="c4"
          >
            <input
              autocomplete="off"
              class="c5"
              data-testid="amount"
              id="amount-id"
              max="0.00000100000000000000"
              min="0"
              name="amount"
              placeholder="common.amount"
              required=""
              step="any"
              type="number"
              value=""
            />
          </div>
        </div>
      </div>
      <div
        class="c6"
      />
      <button
        class="c7"
        type="submit"
      >
        account.reclaimEscrow.reclaim
      </button>
      <div
        class="c6"
      />
      <button
        class="c8"
        type="button"
      >
        account.reclaimEscrow.reclaimAll
      </button>
    </div>
  </form>
</div>
`;
