// Jest Snapshot v1, https://goo.gl/fbAQLP

exports[`<DebondingDelegationList  /> should match snapshot 1`] = `
.c12 {
  display: inline-block;
  -webkit-flex: 0 0 auto;
  -ms-flex: 0 0 auto;
  flex: 0 0 auto;
  width: 24px;
  height: 24px;
  fill: #666666;
  stroke: #666666;
}

.c12 g {
  fill: inherit;
  stroke: inherit;
}

.c12 *:not([stroke])[fill='none'] {
  stroke-width: 0;
}

.c12 *[stroke*='#'],.c12 *[STROKE*='#'] {
  stroke: inherit;
  fill: none;
}

.c12 *[fill-rule],
.c12 *[FILL-RULE],
.c12 *[fill*='#'],.c12 *[FILL*='#'] {
  fill: inherit;
  stroke: none;
}

.c1 {
  display: -webkit-box;
  display: -webkit-flex;
  display: -ms-flexbox;
  display: flex;
  box-sizing: border-box;
  max-width: 100%;
  background-color: #FFFFFF;
  color: #16213E;
  min-width: 0;
  min-height: 0;
  -webkit-flex-direction: column;
  -ms-flex-direction: column;
  flex-direction: column;
  padding: 24px;
}

.c2 {
  margin-top: 0px;
  font-size: 34px;
  line-height: 40px;
  max-width: 816px;
  font-weight: 600;
  overflow-wrap: break-word;
}

.c18 {
  font-size: 18px;
  line-height: 24px;
}

.c5 {
  position: relative;
  box-sizing: border-box;
  display: -webkit-box;
  display: -webkit-flex;
  display: -ms-flexbox;
  display: flex;
  -webkit-flex-direction: column;
  -ms-flex-direction: column;
  flex-direction: column;
  width: 100%;
  height: 100%;
  max-width: 100%;
  color: unset;
  background-color: unset;
}

.c6 {
  display: -webkit-box;
  display: -webkit-flex;
  display: -ms-flexbox;
  display: flex;
  text-align: left;
}

.c7 {
  display: -webkit-box;
  display: -webkit-flex;
  display: -ms-flexbox;
  display: flex;
  -webkit-align-items: stretch;
  -webkit-box-align: stretch;
  -ms-flex-align: stretch;
  align-items: stretch;
  width: 100%;
  background-color: unset;
  min-height: 56px;
  border-bottom-width: 1px;
  border-bottom-color: #AAAAAAaa;
  border-bottom-style: solid;
}

.c8 {
  position: relative;
  display: -webkit-box;
  display: -webkit-flex;
  display: -ms-flexbox;
  display: flex;
  -webkit-align-items: center;
  -webkit-box-align: center;
  -ms-flex-align: center;
  align-items: center;
  box-sizing: border-box;
  line-height: normal;
  font-size: 18px;
  font-weight: 500;
  color: unset;
  padding-left: 16px;
  padding-right: 16px;
}

.c16 {
  position: relative;
  display: -webkit-box;
  display: -webkit-flex;
  display: -ms-flexbox;
  display: flex;
  -webkit-align-items: center;
  -webkit-box-align: center;
  -ms-flex-align: center;
  align-items: center;
  box-sizing: border-box;
  line-height: normal;
  padding-left: 16px;
  padding-right: 16px;
  word-break: break-word;
}

.c9 {
  -webkit-box-flex: 1;
  -webkit-flex-grow: 1;
  -ms-flex-positive: 1;
  flex-grow: 1;
  -webkit-flex-shrink: 0;
  -ms-flex-negative: 0;
  flex-shrink: 0;
  -webkit-flex-basis: 0;
  -ms-flex-preferred-size: 0;
  flex-basis: 0;
  max-width: 100%;
  min-width: 100px;
  min-width: 34px;
  max-width: 34px;
}

.c10 {
  -webkit-box-flex: 1;
  -webkit-flex-grow: 1;
  -ms-flex-positive: 1;
  flex-grow: 1;
  -webkit-flex-shrink: 0;
  -ms-flex-negative: 0;
  flex-shrink: 0;
  -webkit-flex-basis: 0;
  -ms-flex-preferred-size: 0;
  flex-basis: 0;
  max-width: 100%;
  min-width: 100px;
}

.c17 {
  font-weight: 400;
}

.c15 {
  display: -webkit-box;
  display: -webkit-flex;
  display: -ms-flexbox;
  display: flex;
  -webkit-align-items: stretch;
  -webkit-box-align: stretch;
  -ms-flex-align: stretch;
  align-items: stretch;
  -webkit-align-content: stretch;
  -ms-flex-line-pack: stretch;
  align-content: stretch;
  width: 100%;
  box-sizing: border-box;
  font-size: 16x;
  color: unset;
  background-color: unset;
  min-height: 48px;
}

.c15:not(:last-of-type) {
  border-bottom-style: solid;
  border-bottom-width: 1px;
  border-bottom-color: #AAAAAAaa;
}

.c15:hover {
  color: unset;
  background-color: #88888833;
  -webkit-transition-duration: 0.15s;
  transition-duration: 0.15s;
  -webkit-transition-property: background-color;
  transition-property: background-color;
  border-bottom-color: unset;
  outline-style: solid;
  outline-width: 1px;
  outline-color: unset;
}

.c15:hover {
  cursor: pointer;
}

.c11 {
  display: -webkit-inline-box;
  display: -webkit-inline-flex;
  display: -ms-inline-flexbox;
  display: inline-flex;
  -webkit-align-items: center;
  -webkit-box-align: center;
  -ms-flex-align: center;
  align-items: center;
  height: 100%;
  line-height: 1;
  -webkit-user-select: none;
  -moz-user-select: none;
  -ms-user-select: none;
  user-select: none;
}

.c11:focus {
  outline: none;
  color: unset;
}

.c11:hover {
  color: unset;
}

.c11 span.__rdt_custom_sort_icon__ i,
.c11 span.__rdt_custom_sort_icon__ svg {
  opacity: 0;
  color: inherit;
  font-size: 18px !important;
  height: 18px !important;
  width: 18px !important;
  -webkit-backface-visibility: hidden;
  backface-visibility: hidden;
  -webkit-transform-style: preserve-3d;
  -ms-transform-style: preserve-3d;
  transform-style: preserve-3d;
  -webkit-transition-duration: 125ms;
  transition-duration: 125ms;
  -webkit-transition-property: -webkit-transform;
  -webkit-transition-property: transform;
  transition-property: transform;
}

.c11 span.__rdt_custom_sort_icon__.asc i,
.c11 span.__rdt_custom_sort_icon__.asc svg {
  -webkit-transform: rotate(180deg);
  -ms-transform: rotate(180deg);
  transform: rotate(180deg);
}

.c11:hover {
  cursor: pointer;
}

.c11:hover span,
.c11:hover span.__rdt_custom_sort_icon__ * {
  opacity: 1;
}

.c13 {
  display: -webkit-inline-box;
  display: -webkit-inline-flex;
  display: -ms-inline-flexbox;
  display: inline-flex;
  -webkit-align-items: center;
  -webkit-box-align: center;
  -ms-flex-align: center;
  align-items: center;
  height: 100%;
  line-height: 1;
  -webkit-user-select: none;
  -moz-user-select: none;
  -ms-user-select: none;
  user-select: none;
  color: unset;
}

.c13:focus {
  outline: none;
}

.c13:hover:not(:focus) {
  color: unset;
}

.c13 span.__rdt_custom_sort_icon__ i,
.c13 span.__rdt_custom_sort_icon__ svg {
  opacity: 1;
  color: inherit;
  font-size: 18px !important;
  height: 18px !important;
  width: 18px !important;
  -webkit-backface-visibility: hidden;
  backface-visibility: hidden;
  -webkit-transform-style: preserve-3d;
  -ms-transform-style: preserve-3d;
  transform-style: preserve-3d;
  -webkit-transition-duration: 125ms;
  transition-duration: 125ms;
  -webkit-transition-property: -webkit-transform;
  -webkit-transition-property: transform;
  transition-property: transform;
}

.c13 span.__rdt_custom_sort_icon__.asc i,
.c13 span.__rdt_custom_sort_icon__.asc svg {
  -webkit-transform: rotate(180deg);
  -ms-transform: rotate(180deg);
  transform: rotate(180deg);
}

.c13:hover {
  cursor: pointer;
}

.c14 {
  display: -webkit-box;
  display: -webkit-flex;
  display: -ms-flexbox;
  display: flex;
  -webkit-flex-direction: column;
  -ms-flex-direction: column;
  flex-direction: column;
}

.c3 {
  position: relative;
  width: 100%;
  border-radius: inherit;
  overflow-x: auto;
  overflow-y: hidden;
  min-height: 0;
}

.c4 {
  position: relative;
  width: 100%;
  display: table;
}

.c0 {
  font-family: Rubik;
  font-size: 18px;
  line-height: 24px;
  background-color: #ffffff;
  color: #16213E;
  box-sizing: border-box;
  -webkit-text-size-adjust: 100%;
  -ms-text-size-adjust: 100%;
  -moz-osx-font-smoothing: grayscale;
  -webkit-font-smoothing: antialiased;
}

@media only screen and (max-width:768px) {
  .c1 {
    padding: 12px;
  }
}

@media only screen and (max-width:768px) {
  .c2 {
    margin-top: 0px;
  }
}

@media only screen and (max-width:768px) {
  .c2 {
    font-size: 26px;
    line-height: 32px;
    max-width: 624px;
  }
}

<body>
  <div>
    <div
      class="c0"
      style="min-height: 100vh;"
    >
      <div
        class="c1"
      >
        <h1
          class="c2"
        >
          delegations.debondingDelegations
        </h1>
        <div
          class="c3"
        >
          <div
            class="c4"
          >
            <div
              class="c5 rdt_Table"
              role="table"
            >
              <div
                class="c6 rdt_TableHead"
                role="rowgroup"
              >
                <div
                  class="c7 rdt_TableHeadRow"
                  role="row"
                >
                  <div
                    class="c8 c9 rdt_TableCol"
                  />
                  <div
                    class="c8 c10 rdt_TableCol"
                  >
                    <div
                      class="c11 rdt_TableCol_Sortable"
                      id="column-name"
                      role="columnheader"
                      tabindex="0"
                    >
                      <div>
                        validator.name
                      </div>
                      <span
                        class="asc __rdt_custom_sort_icon__"
                      >
                        <svg
                          aria-label="Down"
                          class="c12"
                          viewBox="0 0 24 24"
                        >
                          <path
                            d="m2 8.35 10.173 9.823L21.997 8"
                            fill="none"
                            stroke="#000"
                            stroke-width="2"
                          />
                        </svg>
                      </span>
                    </div>
                  </div>
                  <div
                    class="c8 c10 rdt_TableCol"
                  >
                    <div
                      class="c11 rdt_TableCol_Sortable"
                      id="column-amount"
                      role="columnheader"
                      tabindex="0"
                    >
                      <div>
                        delegations.reclaimedAmount
                      </div>
                      <span
                        class="asc __rdt_custom_sort_icon__"
                      >
                        <svg
                          aria-label="Down"
                          class="c12"
                          viewBox="0 0 24 24"
                        >
                          <path
                            d="m2 8.35 10.173 9.823L21.997 8"
                            fill="none"
                            stroke="#000"
                            stroke-width="2"
                          />
                        </svg>
                      </span>
                    </div>
                  </div>
                  <div
                    class="c8 c10 rdt_TableCol"
                  >
                    <div
                      class="c13 rdt_TableCol_Sortable"
                      id="column-epoch"
                      role="columnheader"
                      tabindex="0"
                    >
                      <div>
                        delegations.debondingTimeEnd
                      </div>
                      <span
                        class="asc __rdt_custom_sort_icon__"
                      >
                        <svg
                          aria-label="Down"
                          class="c12"
                          viewBox="0 0 24 24"
                        >
                          <path
                            d="m2 8.35 10.173 9.823L21.997 8"
                            fill="none"
                            stroke="#000"
                            stroke-width="2"
                          />
                        </svg>
                      </span>
                    </div>
                  </div>
                </div>
              </div>
              <div
                class="c14 rdt_TableBody"
                offset="250px"
                role="rowgroup"
              >
                <div
                  class="c15 rdt_TableRow"
                  id="row-test-validator+100"
                  role="row"
                >
                  <div
                    class="c16 c9 c17 rdt_TableCell"
                    data-tag="allowRowEvents"
                    id="cell-icon-test-validator+100"
                    role="gridcell"
                  />
                  <div
                    class="c16 c10 c17 rdt_TableCell"
                    data-tag="allowRowEvents"
                    id="cell-name-test-validator+100"
                    role="gridcell"
                  >
                    test-validator
                  </div>
                  <div
                    class="c16 c10 c17 rdt_TableCell"
                    data-tag="allowRowEvents"
                    id="cell-amount-test-validator+100"
                    role="gridcell"
                  >
                    <span>
                      <span>
                        0.0000001
                      </span>
                      <span
                        class="c18"
                      >
                        <span
                          class="notranslate"
                          translate="no"
                        >
                           
                        </span>
                      </span>
                    </span>
                  </div>
                  <div
                    class="c16 c10 c17 rdt_TableCell"
                    data-tag="allowRowEvents"
                    id="cell-debondingTimeEnd-test-validator+100"
                    role="gridcell"
                  >
                    in 4 days
                  </div>
                </div>
              </div>
            </div>
          </div>
        </div>
      </div>
    </div>
  </div>
</body>
`;
