// Jest Snapshot v1, https://goo.gl/fbAQLP

exports[`<FatalErrorHandler /> should be null without an error 1`] = `
.c0 {
  font-family: Rubik;
  font-size: 18px;
  line-height: 24px;
  background-color: #ffffff;
  color: #16213E;
  box-sizing: border-box;
  -webkit-text-size-adjust: 100%;
  -ms-text-size-adjust: 100%;
  -moz-osx-font-smoothing: grayscale;
  -webkit-font-smoothing: antialiased;
}

<div
  class="c0"
  style="min-height: 100vh;"
/>
`;
