// Jest Snapshot v1, https://goo.gl/fbAQLP

exports[`<TransactionModal  /> should match snapshot 1`] = `<div />`;
