// Jest Snapshot v1, https://goo.gl/fbAQLP

exports[`<NetworkSelector  /> should match snapshot 1`] = `
.c2 {
  display: inline-block;
  -webkit-flex: 0 0 auto;
  -ms-flex: 0 0 auto;
  flex: 0 0 auto;
  width: 24px;
  height: 24px;
  fill: #666666;
  stroke: #666666;
}

.c2 g {
  fill: inherit;
  stroke: inherit;
}

.c2 *:not([stroke])[fill='none'] {
  stroke-width: 0;
}

.c2 *[stroke*='#'],.c2 *[STROKE*='#'] {
  stroke: inherit;
  fill: none;
}

.c2 *[fill-rule],
.c2 *[FILL-RULE],
.c2 *[fill*='#'],.c2 *[FILL*='#'] {
  fill: inherit;
  stroke: none;
}

.c1 {
  display: -webkit-box;
  display: -webkit-flex;
  display: -ms-flexbox;
  display: flex;
  box-sizing: border-box;
  max-width: 100%;
  min-width: 0;
  min-height: 0;
  -webkit-flex-direction: row;
  -ms-flex-direction: row;
  flex-direction: row;
  padding: 12px;
}

.c3 {
  -webkit-flex: 0 0 auto;
  -ms-flex: 0 0 auto;
  flex: 0 0 auto;
  -webkit-align-self: stretch;
  -ms-flex-item-align: stretch;
  align-self: stretch;
  width: 12px;
}

.c4 {
  font-size: 18px;
  line-height: 24px;
}

.c0 {
  display: inline-block;
  box-sizing: border-box;
  cursor: pointer;
  font: inherit;
  -webkit-text-decoration: none;
  text-decoration: none;
  margin: 0;
  background: transparent;
  overflow: visible;
  text-transform: none;
  color: inherit;
  outline: none;
  border: none;
  padding: 0;
  text-align: inherit;
  width: 100%;
  height: 100%;
  max-width: none;
  -webkit-flex: 1 0 auto;
  -ms-flex: 1 0 auto;
  flex: 1 0 auto;
}

.c0:focus {
  outline: none;
  box-shadow: 0 0 2px 2px #6FFFB0;
}

.c0:focus > circle,
.c0:focus > ellipse,
.c0:focus > line,
.c0:focus > path,
.c0:focus > polygon,
.c0:focus > polyline,
.c0:focus > rect {
  outline: none;
  box-shadow: 0 0 2px 2px #6FFFB0;
}

.c0:focus::-moz-focus-inner {
  border: 0;
}

.c0:focus:not(:focus-visible) {
  outline: none;
  box-shadow: none;
}

.c0:focus:not(:focus-visible) > circle,.c0:focus:not(:focus-visible) > ellipse,
.c0:focus:not(:focus-visible) > line,.c0:focus:not(:focus-visible) > path,
.c0:focus:not(:focus-visible) > polygon,.c0:focus:not(:focus-visible) > polyline,
.c0:focus:not(:focus-visible) > rect {
  outline: none;
  box-shadow: none;
}

.c0:focus:not(:focus-visible)::-moz-focus-inner {
  border: 0;
}

<button
  aria-expanded="false"
  aria-haspopup="menu"
  aria-label="Open Menu"
  class="c0"
  style="border: 0px;"
  type="button"
>
  <div
    class="c1"
    data-testid="network-selector"
  >
    <svg
      aria-label="Network"
      class="c2"
      viewBox="0 0 24 24"
    >
      <path
        d="M7.5 7v8.514c0 4.243 5.5 2.829 5.5 6.6V24m-2-14L7.5 7 4 10m12.5-8v8.44c0 4.068-3.5 2.712-3.5 6.328V24m0-19 3.5-3L20 5"
        fill="none"
        stroke="#000"
        stroke-width="2"
      />
    </svg>
    <div
      class="c3"
    />
    <span
      class="c4"
      data-testid="active-network"
    >
      toolbar.networks.local
    </span>
  </div>
</button>
`;
