// Jest Snapshot v1, https://goo.gl/fbAQLP

exports[`<AddEscrowForm /> should match snapshot 1`] = `
.c1 {
  display: -webkit-box;
  display: -webkit-flex;
  display: -ms-flexbox;
  display: flex;
  box-sizing: border-box;
  max-width: 100%;
  min-width: 0;
  min-height: 0;
  -webkit-flex-direction: row;
  -ms-flex-direction: row;
  flex-direction: row;
  padding-top: 12px;
}

.c2 {
  display: -webkit-box;
  display: -webkit-flex;
  display: -ms-flexbox;
  display: flex;
  box-sizing: border-box;
  max-width: 100%;
  background-color: #FFFFFF;
  color: #16213E;
  min-width: 0;
  min-height: 0;
  -webkit-flex-direction: column;
  -ms-flex-direction: column;
  flex-direction: column;
}

.c5 {
  -webkit-flex: 0 0 auto;
  -ms-flex: 0 0 auto;
  flex: 0 0 auto;
  -webkit-align-self: stretch;
  -ms-flex-item-align: stretch;
  align-self: stretch;
  width: 12px;
}

.c6 {
  display: inline-block;
  box-sizing: border-box;
  cursor: pointer;
  font: inherit;
  -webkit-text-decoration: none;
  text-decoration: none;
  margin: 0;
  background: transparent;
  overflow: visible;
  text-transform: none;
  border: 2px solid #0092f6;
  border-radius: 4px;
  color: #16213E;
  padding: 4px 22px;
  font-size: 18px;
  line-height: 24px;
  background-color: #0092f6;
  color: #F8F8F8;
  border-radius: 4px;
  -webkit-transition-property: color,background-color,border-color,box-shadow;
  transition-property: color,background-color,border-color,box-shadow;
  -webkit-transition-duration: 0.1s;
  transition-duration: 0.1s;
  -webkit-transition-timing-function: ease-in-out;
  transition-timing-function: ease-in-out;
  font-weight: bold;
}

.c6:hover {
  box-shadow: 0px 0px 0px 2px #0092f6;
}

.c6:focus {
  outline: none;
  box-shadow: 0 0 2px 2px #6FFFB0;
}

.c6:focus > circle,
.c6:focus > ellipse,
.c6:focus > line,
.c6:focus > path,
.c6:focus > polygon,
.c6:focus > polyline,
.c6:focus > rect {
  outline: none;
  box-shadow: 0 0 2px 2px #6FFFB0;
}

.c6:focus::-moz-focus-inner {
  border: 0;
}

.c6:focus:not(:focus-visible) {
  outline: none;
  box-shadow: none;
}

.c6:focus:not(:focus-visible) > circle,.c6:focus:not(:focus-visible) > ellipse,
.c6:focus:not(:focus-visible) > line,.c6:focus:not(:focus-visible) > path,
.c6:focus:not(:focus-visible) > polygon,.c6:focus:not(:focus-visible) > polyline,
.c6:focus:not(:focus-visible) > rect {
  outline: none;
  box-shadow: none;
}

.c6:focus:not(:focus-visible)::-moz-focus-inner {
  border: 0;
}

.c4 {
  box-sizing: border-box;
  font-size: inherit;
  font-family: inherit;
  border: none;
  -webkit-appearance: none;
  background: transparent;
  color: inherit;
  width: 100%;
  padding: 11px;
  font-weight: 600;
  margin: 0;
  border: 1px solid rgba(0,0,0,0.33);
  border-radius: 4px;
}

.c4:focus {
  outline: none;
  box-shadow: 0 0 2px 2px #6FFFB0;
}

.c4:focus > circle,
.c4:focus > ellipse,
.c4:focus > line,
.c4:focus > path,
.c4:focus > polygon,
.c4:focus > polyline,
.c4:focus > rect {
  outline: none;
  box-shadow: 0 0 2px 2px #6FFFB0;
}

.c4:focus::-moz-focus-inner {
  border: 0;
}

.c4::-webkit-input-placeholder {
  color: #AAAAAA;
}

.c4::-moz-placeholder {
  color: #AAAAAA;
}

.c4:-ms-input-placeholder {
  color: #AAAAAA;
}

.c4::-webkit-search-decoration {
  -webkit-appearance: none;
}

.c4::-moz-focus-inner {
  border: none;
  outline: none;
}

.c4:-moz-placeholder,
.c4::-moz-placeholder {
  opacity: 1;
}

.c3 {
  position: relative;
  width: 100%;
}

.c0 {
  font-family: Rubik;
  font-size: 18px;
  line-height: 24px;
  background-color: #ffffff;
  color: #16213E;
  box-sizing: border-box;
  -webkit-text-size-adjust: 100%;
  -ms-text-size-adjust: 100%;
  -moz-osx-font-smoothing: grayscale;
  -webkit-font-smoothing: antialiased;
}

@media only screen and (max-width:768px) {
  .c1 {
    padding-top: 6px;
  }
}

@media only screen and (max-width:768px) {
  .c5 {
    width: 6px;
  }
}

<div
  class="c0"
  style="min-height: 100vh;"
>
  <form>
    <div
      class="c1"
    >
      <div
        class="c2"
      >
        <div
          class="c3"
        >
          <input
            autocomplete="off"
            class="c4"
            data-testid="amount"
            id="amount-id"
            min="0"
            name="amount"
            placeholder="common.amount"
            required=""
            step="any"
            type="number"
            value=""
          />
        </div>
      </div>
      <div
        class="c5"
      />
      <button
        class="c6"
        type="submit"
      >
        account.addEscrow.delegate
      </button>
    </div>
  </form>
</div>
`;
