// Jest Snapshot v1, https://goo.gl/fbAQLP

exports[`<FromPrivateKey  /> should match snapshot 1`] = `
.c11 {
  display: inline-block;
  -webkit-flex: 0 0 auto;
  -ms-flex: 0 0 auto;
  flex: 0 0 auto;
  width: 24px;
  height: 24px;
  fill: #666666;
  stroke: #666666;
}

.c11 g {
  fill: inherit;
  stroke: inherit;
}

.c11 *:not([stroke])[fill='none'] {
  stroke-width: 0;
}

.c11 *[stroke*='#'],.c11 *[STROKE*='#'] {
  stroke: inherit;
  fill: none;
}

.c11 *[fill-rule],
.c11 *[FILL-RULE],
.c11 *[fill*='#'],.c11 *[FILL*='#'] {
  fill: inherit;
  stroke: none;
}

.c0 {
  font-family: Rubik;
  font-size: 18px;
  line-height: 24px;
  background-color: #ffffff;
  color: #16213E;
  box-sizing: border-box;
  -webkit-text-size-adjust: 100%;
  -ms-text-size-adjust: 100%;
  -moz-osx-font-smoothing: grayscale;
  -webkit-font-smoothing: antialiased;
}

.c1 {
  display: -webkit-box;
  display: -webkit-flex;
  display: -ms-flexbox;
  display: flex;
  box-sizing: border-box;
  max-width: 100%;
  margin: 12px;
  background-color: #FFFFFF;
  color: #16213E;
  border: solid 1px #EDEDED;
  min-width: 0;
  min-height: 0;
  -webkit-flex-direction: column;
  -ms-flex-direction: column;
  flex-direction: column;
  padding: 24px;
  border-radius: 5px;
}

.c4 {
  display: -webkit-box;
  display: -webkit-flex;
  display: -ms-flexbox;
  display: flex;
  box-sizing: border-box;
  max-width: 100%;
  min-width: 0;
  min-height: 0;
  -webkit-flex-direction: column;
  -ms-flex-direction: column;
  flex-direction: column;
  max-width: 1152px;
}

.c5 {
  display: -webkit-box;
  display: -webkit-flex;
  display: -ms-flexbox;
  display: flex;
  box-sizing: border-box;
  max-width: 100%;
  margin-bottom: 12px;
  min-width: 0;
  min-height: 0;
  -webkit-flex-direction: column;
  -ms-flex-direction: column;
  flex-direction: column;
}

.c6 {
  display: -webkit-box;
  display: -webkit-flex;
  display: -ms-flexbox;
  display: flex;
  box-sizing: border-box;
  max-width: 100%;
  border-bottom: solid 1px rgba(0,0,0,0.33);
  min-width: 0;
  min-height: 0;
  -webkit-flex-direction: column;
  -ms-flex-direction: column;
  flex-direction: column;
}

.c7 {
  display: -webkit-box;
  display: -webkit-flex;
  display: -ms-flexbox;
  display: flex;
  box-sizing: border-box;
  max-width: 100%;
  -webkit-align-items: center;
  -webkit-box-align: center;
  -ms-flex-align: center;
  align-items: center;
  min-width: 0;
  min-height: 0;
  -webkit-flex-direction: row;
  -ms-flex-direction: row;
  flex-direction: row;
}

.c12 {
  display: -webkit-box;
  display: -webkit-flex;
  display: -ms-flexbox;
  display: flex;
  box-sizing: border-box;
  max-width: 100%;
  min-width: 0;
  min-height: 0;
  -webkit-flex-direction: column;
  -ms-flex-direction: column;
  flex-direction: column;
  padding-top: 24px;
  padding-bottom: 24px;
}

.c13 {
  display: -webkit-box;
  display: -webkit-flex;
  display: -ms-flexbox;
  display: flex;
  box-sizing: border-box;
  max-width: 100%;
  margin-top: 24px;
  min-width: 0;
  min-height: 0;
  -webkit-flex-direction: row;
  -ms-flex-direction: row;
  flex-direction: row;
  -webkit-box-pack: justify;
  -webkit-justify-content: space-between;
  -ms-flex-pack: justify;
  justify-content: space-between;
}

.c3 {
  font-size: 18px;
  line-height: 24px;
  max-width: 432px;
}

.c10 {
  display: inline-block;
  box-sizing: border-box;
  cursor: pointer;
  font: inherit;
  -webkit-text-decoration: none;
  text-decoration: none;
  margin: 0;
  background: transparent;
  overflow: visible;
  text-transform: none;
  color: inherit;
  outline: none;
  border: none;
  padding: 0;
  text-align: inherit;
  line-height: 0;
  padding: 12px;
}

.c10:focus {
  outline: none;
  box-shadow: 0 0 2px 2px #6FFFB0;
}

.c10:focus > circle,
.c10:focus > ellipse,
.c10:focus > line,
.c10:focus > path,
.c10:focus > polygon,
.c10:focus > polyline,
.c10:focus > rect {
  outline: none;
  box-shadow: 0 0 2px 2px #6FFFB0;
}

.c10:focus::-moz-focus-inner {
  border: 0;
}

.c10:focus:not(:focus-visible) {
  outline: none;
  box-shadow: none;
}

.c10:focus:not(:focus-visible) > circle,.c10:focus:not(:focus-visible) > ellipse,
.c10:focus:not(:focus-visible) > line,.c10:focus:not(:focus-visible) > path,
.c10:focus:not(:focus-visible) > polygon,.c10:focus:not(:focus-visible) > polyline,
.c10:focus:not(:focus-visible) > rect {
  outline: none;
  box-shadow: none;
}

.c10:focus:not(:focus-visible)::-moz-focus-inner {
  border: 0;
}

.c14 {
  display: inline-block;
  box-sizing: border-box;
  cursor: pointer;
  font: inherit;
  -webkit-text-decoration: none;
  text-decoration: none;
  margin: 0;
  background: transparent;
  overflow: visible;
  text-transform: none;
  border: 2px solid #0092f6;
  border-radius: 4px;
  color: #16213E;
  padding: 4px 22px;
  font-size: 18px;
  line-height: 24px;
  background-color: #0092f6;
  color: #F8F8F8;
  border-radius: 4px;
  -webkit-transition-property: color,background-color,border-color,box-shadow;
  transition-property: color,background-color,border-color,box-shadow;
  -webkit-transition-duration: 0.1s;
  transition-duration: 0.1s;
  -webkit-transition-timing-function: ease-in-out;
  transition-timing-function: ease-in-out;
  font-weight: bold;
}

.c14:hover {
  box-shadow: 0px 0px 0px 2px #0092f6;
}

.c14:focus {
  outline: none;
  box-shadow: 0 0 2px 2px #6FFFB0;
}

.c14:focus > circle,
.c14:focus > ellipse,
.c14:focus > line,
.c14:focus > path,
.c14:focus > polygon,
.c14:focus > polyline,
.c14:focus > rect {
  outline: none;
  box-shadow: 0 0 2px 2px #6FFFB0;
}

.c14:focus::-moz-focus-inner {
  border: 0;
}

.c14:focus:not(:focus-visible) {
  outline: none;
  box-shadow: none;
}

.c14:focus:not(:focus-visible) > circle,.c14:focus:not(:focus-visible) > ellipse,
.c14:focus:not(:focus-visible) > line,.c14:focus:not(:focus-visible) > path,
.c14:focus:not(:focus-visible) > polygon,.c14:focus:not(:focus-visible) > polyline,
.c14:focus:not(:focus-visible) > rect {
  outline: none;
  box-shadow: none;
}

.c14:focus:not(:focus-visible)::-moz-focus-inner {
  border: 0;
}

.c9 {
  box-sizing: border-box;
  font-size: inherit;
  font-family: inherit;
  border: none;
  -webkit-appearance: none;
  background: transparent;
  color: inherit;
  width: 100%;
  padding: 11px;
  font-weight: 600;
  margin: 0;
  border: 1px solid rgba(0,0,0,0.33);
  border-radius: 4px;
  outline: none;
  border: none;
}

.c9:focus {
  outline: none;
  box-shadow: 0 0 2px 2px #6FFFB0;
}

.c9:focus > circle,
.c9:focus > ellipse,
.c9:focus > line,
.c9:focus > path,
.c9:focus > polygon,
.c9:focus > polyline,
.c9:focus > rect {
  outline: none;
  box-shadow: 0 0 2px 2px #6FFFB0;
}

.c9:focus::-moz-focus-inner {
  border: 0;
}

.c9::-webkit-input-placeholder {
  color: #AAAAAA;
}

.c9::-moz-placeholder {
  color: #AAAAAA;
}

.c9:-ms-input-placeholder {
  color: #AAAAAA;
}

.c9::-webkit-search-decoration {
  -webkit-appearance: none;
}

.c9::-moz-focus-inner {
  border: none;
  outline: none;
}

.c9:-moz-placeholder,
.c9::-moz-placeholder {
  opacity: 1;
}

.c8 {
  position: relative;
  width: 100%;
}

.c2 {
  margin-top: 0px;
  font-size: 34px;
  line-height: 40px;
  max-width: 816px;
  font-weight: 600;
  overflow-wrap: break-word;
}

@media only screen and (max-width:768px) {
  .c1 {
    margin: 6px;
  }
}

@media only screen and (max-width:768px) {
  .c1 {
    border: solid 1px #EDEDED;
  }
}

@media only screen and (max-width:768px) {
  .c1 {
    padding: 12px;
  }
}

@media only screen and (max-width:768px) {
  .c5 {
    margin-bottom: 6px;
  }
}

@media only screen and (max-width:768px) {
  .c6 {
    border-bottom: solid 1px rgba(0,0,0,0.33);
  }
}

@media only screen and (max-width:768px) {
  .c12 {
    padding-top: 12px;
    padding-bottom: 12px;
  }
}

@media only screen and (max-width:768px) {
  .c13 {
    margin-top: 12px;
  }
}

@media only screen and (max-width:768px) {
  .c2 {
    margin-top: 0px;
  }
}

@media only screen and (max-width:768px) {
  .c2 {
    font-size: 26px;
    line-height: 32px;
    max-width: 624px;
  }
}

<div
  class="c0"
  style="min-height: 100vh;"
>
  <div
    class="c1"
  >
    <form
      autocapitalize="off"
      autocomplete="off"
      autocorrect="off"
      spellcheck="false"
    >
      <h1
        class="c2"
      >
        openWallet.privateKey.header
      </h1>
      <p
        class="c3"
      >
        <label
          for="privatekey"
        >
          openWallet.privateKey.instruction
        </label>
      </p>
      <div
        class="c4"
      >
        <div
          class="c5 "
        >
          <div
            class="c6 "
          >
            <div
              class="c7"
            >
              <div
                class="c8"
              >
                <input
                  autocapitalize="off"
                  autocomplete="off"
                  autocorrect="off"
                  class="c9"
                  id="privatekey"
                  name="privateKey"
                  placeholder="openWallet.privateKey.enterPrivateKeyHere"
                  spellcheck="false"
                  type="password"
                  value=""
                />
              </div>
              <button
                aria-label="openWallet.privateKey.showPrivateKey"
                class="c10"
                type="button"
              >
                <svg
                  aria-label="Hide"
                  class="c11"
                  viewBox="0 0 24 24"
                >
                  <path
                    d="M12 17c-2.727 0-6-2.778-6-5s3.273-5 6-5 6 2.778 6 5-3.273 5-6 5zm-1-5a1 1 0 1 0 2 0 1 1 0 0 0-2 0zm9-7L4 19"
                    fill="none"
                    stroke="#000"
                    stroke-width="2"
                  />
                </svg>
              </button>
            </div>
          </div>
        </div>
      </div>
      <p>
        persist.createProfile.unsupported
      </p>
      <div
        class="c12"
      >
        <div
          class="c13"
        >
          <button
            class="c14"
            type="submit"
          >
            openWallet.mnemonic.import
          </button>
        </div>
      </div>
    </form>
  </div>
</div>
`;
