// Jest Snapshot v1, https://goo.gl/fbAQLP

exports[`<Account  /> should match snapshot 1`] = `
.c0 {
  font-family: Rubik;
  font-size: 18px;
  line-height: 24px;
  background-color: #ffffff;
  color: #16213E;
  box-sizing: border-box;
  -webkit-text-size-adjust: 100%;
  -ms-text-size-adjust: 100%;
  -moz-osx-font-smoothing: grayscale;
  -webkit-font-smoothing: antialiased;
}

.c9 {
  font-size: 18px;
  line-height: 24px;
  font-weight: bold;
}

.c16 {
  font-size: 18px;
  line-height: 24px;
}

.c14 {
  font-size: 80%;
  line-height: normal;
}

.c1 {
  display: -webkit-box;
  display: -webkit-flex;
  display: -ms-flexbox;
  display: flex;
  box-sizing: border-box;
  max-width: 100%;
  border: solid 1px #0092f6;
  min-width: 0;
  min-height: 0;
  -webkit-flex-direction: row;
  -ms-flex-direction: row;
  flex-direction: row;
  -webkit-flex: 1 0 auto;
  -ms-flex: 1 0 auto;
  flex: 1 0 auto;
  width: 100%;
  padding: 12px;
  border-radius: 5px;
  cursor: pointer;
}

.c1:hover {
  background-color: #0092f6;
  color: #FFFFFF;
}

.c2 {
  display: -webkit-box;
  display: -webkit-flex;
  display: -ms-flexbox;
  display: flex;
  box-sizing: border-box;
  max-width: 100%;
  -webkit-align-self: center;
  -ms-flex-item-align: center;
  align-self: center;
  min-width: 0;
  min-height: 0;
  -webkit-flex-direction: column;
  -ms-flex-direction: column;
  flex-direction: column;
  padding-left: 12px;
  padding-right: 24px;
}

.c4 {
  display: -webkit-box;
  display: -webkit-flex;
  display: -ms-flexbox;
  display: flex;
  box-sizing: border-box;
  max-width: 100%;
  -webkit-align-items: center;
  -webkit-box-align: center;
  -ms-flex-align: center;
  align-items: center;
  min-width: 0;
  min-height: 0;
  -webkit-flex-direction: column;
  -ms-flex-direction: column;
  flex-direction: column;
  -webkit-box-pack: center;
  -webkit-justify-content: center;
  -ms-flex-pack: center;
  justify-content: center;
}

.c7 {
  display: -webkit-box;
  display: -webkit-flex;
  display: -ms-flexbox;
  display: flex;
  box-sizing: border-box;
  max-width: 100%;
  -webkit-align-items: center;
  -webkit-box-align: center;
  -ms-flex-align: center;
  align-items: center;
  border: solid 2px rgba(0,0,0,0.15);
  min-width: 0;
  min-height: 0;
  -webkit-flex-direction: column;
  -ms-flex-direction: column;
  flex-direction: column;
  height: 24px;
  width: 24px;
  -webkit-box-pack: center;
  -webkit-justify-content: center;
  -ms-flex-pack: center;
  justify-content: center;
  border-radius: 4px;
}

.c8 {
  display: -webkit-box;
  display: -webkit-flex;
  display: -ms-flexbox;
  display: flex;
  box-sizing: border-box;
  max-width: 100%;
  -webkit-align-self: center;
  -ms-flex-item-align: center;
  align-self: center;
  min-width: 0;
  min-height: 0;
  -webkit-flex-direction: column;
  -ms-flex-direction: column;
  flex-direction: column;
  padding-left: 12px;
  padding-right: 12px;
}

.c10 {
  display: -webkit-box;
  display: -webkit-flex;
  display: -ms-flexbox;
  display: flex;
  box-sizing: border-box;
  max-width: 100%;
  min-width: 0;
  min-height: 0;
  -webkit-flex-direction: column;
  -ms-flex-direction: column;
  flex-direction: column;
  -webkit-flex: 1 0 auto;
  -ms-flex: 1 0 auto;
  flex: 1 0 auto;
}

.c11 {
  display: -webkit-box;
  display: -webkit-flex;
  display: -ms-flexbox;
  display: flex;
  box-sizing: border-box;
  max-width: 100%;
  min-width: 0;
  min-height: 0;
  -webkit-flex-direction: column;
  -ms-flex-direction: column;
  flex-direction: column;
}

.c12 {
  display: -webkit-box;
  display: -webkit-flex;
  display: -ms-flexbox;
  display: flex;
  box-sizing: border-box;
  max-width: 100%;
  min-width: 0;
  min-height: 0;
  -webkit-flex-direction: row;
  -ms-flex-direction: row;
  flex-direction: row;
}

.c13 {
  display: -webkit-box;
  display: -webkit-flex;
  display: -ms-flexbox;
  display: flex;
  box-sizing: border-box;
  max-width: 100%;
  -webkit-align-items: flex-start;
  -webkit-box-align: flex-start;
  -ms-flex-align: flex-start;
  align-items: flex-start;
  min-width: 0;
  min-height: 0;
  -webkit-flex-direction: row;
  -ms-flex-direction: row;
  flex-direction: row;
}

.c15 {
  display: -webkit-box;
  display: -webkit-flex;
  display: -ms-flexbox;
  display: flex;
  box-sizing: border-box;
  max-width: 100%;
  min-width: 0;
  min-height: 0;
  -webkit-flex-direction: column;
  -ms-flex-direction: column;
  flex-direction: column;
  height: 24px;
}

.c3 {
  display: -webkit-box;
  display: -webkit-flex;
  display: -ms-flexbox;
  display: flex;
  -webkit-flex-direction: row;
  -ms-flex-direction: row;
  flex-direction: row;
  -webkit-user-select: none;
  -moz-user-select: none;
  -ms-user-select: none;
  user-select: none;
  width: -webkit-fit-content;
  width: -moz-fit-content;
  width: fit-content;
  cursor: pointer;
}

.c3:hover input:not([disabled]) + div,.c3:hover input:not([disabled]) + span {
  border-color: #000000;
}

.c6 {
  opacity: 0;
  -moz-appearance: none;
  width: 0;
  height: 0;
  margin: 0;
  cursor: pointer;
}

.c6:checked + span > span {
  left: calc( 48px - 24px );
  background: #0092f6;
}

.c5 {
  -webkit-flex-shrink: 0;
  -ms-flex-negative: 0;
  flex-shrink: 0;
}

@media only screen and (max-width:768px) {
  .c1 {
    border: solid 1px #0092f6;
  }
}

@media only screen and (max-width:768px) {
  .c1 {
    padding: 6px;
  }
}

@media only screen and (max-width:768px) {
  .c2 {
    padding-left: 6px;
  }
}

@media only screen and (max-width:768px) {
  .c2 {
    padding-right: 12px;
  }
}

@media only screen and (max-width:768px) {
  .c7 {
    border: solid 2px rgba(0,0,0,0.15);
  }
}

@media only screen and (max-width:768px) {
  .c8 {
    padding-left: 6px;
  }
}

@media only screen and (max-width:768px) {
  .c8 {
    padding-right: 6px;
  }
}

@media only screen and (max-width:768px) {
  .c12 {
    -webkit-flex-direction: column;
    -ms-flex-direction: column;
    flex-direction: column;
    -webkit-flex-basis: auto;
    -ms-flex-preferred-size: auto;
    flex-basis: auto;
    -webkit-box-pack: start;
    -webkit-justify-content: flex-start;
    -ms-flex-pack: start;
    justify-content: flex-start;
    -webkit-align-items: stretch;
    -webkit-box-align: stretch;
    -ms-flex-align: stretch;
    align-items: stretch;
  }
}

@media only screen and (max-width:768px) {

}

<body>
  <div>
    <div
      class="c0"
      style="min-height: 100vh;"
    >
      <div
        aria-checked="false"
        class="c1"
        data-testid="account-choice"
        role="checkbox"
        tabindex="0"
      >
        <div
          class="c2"
        >
          <label
            class="c3"
          >
            <div
              class="c4 c5"
            >
              <input
                class="c6"
                hidden=""
                type="checkbox"
              />
              <div
                class="c7 "
              />
            </div>
          </label>
        </div>
        <div
          class="c8"
          style="min-width: 2.5em;"
        >
          <span
            class="c9"
            style="width: 2em;"
          >
            0
          </span>
        </div>
        <div
          class="c10"
        >
          <div
            class="c11"
          >
            <span
              class="c9"
            >
              <span
                class="notranslate"
                translate="no"
              >
                oasis1qq3x...rscnlwxe
              </span>
            </span>
          </div>
          <div
            class="c12"
          >
            <div
              class="c10"
            >
              <div
                class="c13"
              >
                toolbar.wallets.type.mnemonic
                 
                <span
                  class="c14"
                >
                  (
                  m/44'/474'/0'/0'/0'
                  )
                </span>
              </div>
            </div>
            <div
              class="c15"
            >
              <span>
                <span>
                  0.000001
                </span>
                <span
                  class="c16"
                >
                  <span
                    class="notranslate"
                    translate="no"
                  >
                     
                  </span>
                </span>
              </span>
            </div>
          </div>
        </div>
      </div>
    </div>
  </div>
</body>
`;
