// Jest Snapshot v1, https://goo.gl/fbAQLP

exports[`<ConnectDevicePage /> should render component 1`] = `
.c0 {
  display: -webkit-box;
  display: -webkit-flex;
  display: -ms-flexbox;
  display: flex;
  box-sizing: border-box;
  max-width: 100%;
  -webkit-align-items: center;
  -webkit-box-align: center;
  -ms-flex-align: center;
  align-items: center;
  background-color: #EDEDED;
  color: #444444;
  min-width: 0;
  min-height: 0;
  -webkit-flex-direction: column;
  -ms-flex-direction: column;
  flex-direction: column;
  -webkit-box-pack: center;
  -webkit-justify-content: center;
  -ms-flex-pack: center;
  justify-content: center;
  padding: 24px;
}

.c1 {
  display: -webkit-box;
  display: -webkit-flex;
  display: -ms-flexbox;
  display: flex;
  box-sizing: border-box;
  max-width: 100%;
  background-color: #FFFFFF;
  color: #444444;
  min-width: 0;
  min-height: 0;
  -webkit-flex-direction: column;
  -ms-flex-direction: column;
  flex-direction: column;
  padding: 48px;
  border-radius: 5px;
  box-shadow: 0px 2px 4px rgba(0,0,0,0.20);
}

.c2 {
  display: -webkit-box;
  display: -webkit-flex;
  display: -ms-flexbox;
  display: flex;
  box-sizing: border-box;
  max-width: 100%;
  margin-bottom: 24px;
  -webkit-align-items: center;
  -webkit-box-align: center;
  -ms-flex-align: center;
  align-items: center;
  min-width: 0;
  min-height: 0;
  -webkit-flex-direction: column;
  -ms-flex-direction: column;
  flex-direction: column;
}

.c4 {
  display: -webkit-box;
  display: -webkit-flex;
  display: -ms-flexbox;
  display: flex;
  box-sizing: border-box;
  max-width: 100%;
  min-width: 0;
  min-height: 0;
  -webkit-flex-direction: column;
  -ms-flex-direction: column;
  flex-direction: column;
}

.c6 {
  display: -webkit-box;
  display: -webkit-flex;
  display: -ms-flexbox;
  display: flex;
  box-sizing: border-box;
  max-width: 100%;
  min-width: 0;
  min-height: 0;
  -webkit-flex-direction: column;
  -ms-flex-direction: column;
  flex-direction: column;
  -webkit-box-pack: center;
  -webkit-justify-content: center;
  -ms-flex-pack: center;
  justify-content: center;
}

.c5 {
  -webkit-flex: 0 0 auto;
  -ms-flex: 0 0 auto;
  flex: 0 0 auto;
  -webkit-align-self: stretch;
  -ms-flex-item-align: stretch;
  align-self: stretch;
  height: 24px;
}

.c7 {
  display: inline-block;
  box-sizing: border-box;
  cursor: pointer;
  font: inherit;
  -webkit-text-decoration: none;
  text-decoration: none;
  margin: 0;
  background: transparent;
  overflow: visible;
  text-transform: none;
  border: 2px solid #7D4CDB;
  border-radius: 18px;
  color: #444444;
  padding: 4px 22px;
  font-size: 18px;
  line-height: 24px;
  background-color: #7D4CDB;
  color: #f8f8f8;
  border-radius: 18px;
  -webkit-transition-property: color,background-color,border-color,box-shadow;
  transition-property: color,background-color,border-color,box-shadow;
  -webkit-transition-duration: 0.1s;
  transition-duration: 0.1s;
  -webkit-transition-timing-function: ease-in-out;
  transition-timing-function: ease-in-out;
}

.c7:hover {
  box-shadow: 0px 0px 0px 2px #7D4CDB;
}

.c7:focus {
  outline: none;
  box-shadow: 0 0 2px 2px #6FFFB0;
}

.c7:focus > circle,
.c7:focus > ellipse,
.c7:focus > line,
.c7:focus > path,
.c7:focus > polygon,
.c7:focus > polyline,
.c7:focus > rect {
  outline: none;
  box-shadow: 0 0 2px 2px #6FFFB0;
}

.c7:focus::-moz-focus-inner {
  border: 0;
}

.c7:focus:not(:focus-visible) {
  outline: none;
  box-shadow: none;
}

.c7:focus:not(:focus-visible) > circle,.c7:focus:not(:focus-visible) > ellipse,
.c7:focus:not(:focus-visible) > line,.c7:focus:not(:focus-visible) > path,
.c7:focus:not(:focus-visible) > polygon,.c7:focus:not(:focus-visible) > polyline,
.c7:focus:not(:focus-visible) > rect {
  outline: none;
  box-shadow: none;
}

.c7:focus:not(:focus-visible)::-moz-focus-inner {
  border: 0;
}

.c3 {
  margin-top: 0px;
  font-size: 34px;
  line-height: 40px;
  max-width: 816px;
  font-weight: 600;
  overflow-wrap: break-word;
  text-align: center;
}

@media only screen and (max-width:768px) {
  .c0 {
    padding: 12px;
  }
}

@media only screen and (max-width:768px) {
  .c1 {
    padding: 24px;
  }
}

@media only screen and (max-width:768px) {
  .c2 {
    margin-bottom: 12px;
  }
}

@media only screen and (max-width:768px) {
  .c5 {
    height: 12px;
  }
}

@media only screen and (max-width:768px) {
  .c3 {
    margin-top: 0px;
  }
}

@media only screen and (max-width:768px) {
  .c3 {
    font-size: 26px;
    line-height: 32px;
    max-width: 624px;
  }
}

<div>
  <div
    class="c0"
    style="min-height: 100vh;"
  >
    <div
      class="c1"
      style="position: relative;"
    >
      <div
        class="c2"
      >
        <img
          alt="Oasis"
          height="75"
          src="IMAGE_MOCK"
          width="75"
        />
      </div>
      <h1
        class="c3"
      >
        ledger.extension.grantAccess
      </h1>
      <div
        class="c4"
      >
        <ol>
          <li>
            ledger.instructionSteps.connectLedger
          </li>
          <li>
            ledger.instructionSteps.closeLedgerLive
          </li>
          <li>
            ledger.instructionSteps.openOasisApp
          </li>
          <li>
            ledger.extension.instructionStep
          </li>
        </ol>
        <div
          class="c5"
        />
        <div
          class="c6"
        >
          <button
            class="c7"
            type="button"
          >
            ledger.extension.connect
          </button>
        </div>
      </div>
    </div>
  </div>
</div>
`;
