// Jest Snapshot v1, https://goo.gl/fbAQLP

exports[`<Toolbar  /> should match snapshot 1`] = `
.c6 {
  display: inline-block;
  -webkit-flex: 0 0 auto;
  -ms-flex: 0 0 auto;
  flex: 0 0 auto;
  width: 24px;
  height: 24px;
  fill: #666666;
  stroke: #666666;
}

.c6 g {
  fill: inherit;
  stroke: inherit;
}

.c6 *:not([stroke])[fill='none'] {
  stroke-width: 0;
}

.c6 *[stroke*='#'],.c6 *[STROKE*='#'] {
  stroke: inherit;
  fill: none;
}

.c6 *[fill-rule],
.c6 *[FILL-RULE],
.c6 *[fill*='#'],.c6 *[FILL*='#'] {
  fill: inherit;
  stroke: none;
}

.c0 {
  font-family: Rubik;
  font-size: 18px;
  line-height: 24px;
  background-color: #ffffff;
  color: #16213E;
  box-sizing: border-box;
  -webkit-text-size-adjust: 100%;
  -ms-text-size-adjust: 100%;
  -moz-osx-font-smoothing: grayscale;
  -webkit-font-smoothing: antialiased;
}

.c1 {
  display: -webkit-box;
  display: -webkit-flex;
  display: -ms-flexbox;
  display: flex;
  box-sizing: border-box;
  max-width: 100%;
  min-width: 0;
  min-height: 0;
  -webkit-flex-direction: row;
  -ms-flex-direction: row;
  flex-direction: row;
  -webkit-box-pack: end;
  -webkit-justify-content: flex-end;
  -ms-flex-pack: end;
  justify-content: flex-end;
}

.c5 {
  display: -webkit-box;
  display: -webkit-flex;
  display: -ms-flexbox;
  display: flex;
  box-sizing: border-box;
  max-width: 100%;
  min-width: 0;
  min-height: 0;
  -webkit-flex-direction: row;
  -ms-flex-direction: row;
  flex-direction: row;
  padding: 12px;
}

.c3 {
  display: -webkit-box;
  display: -webkit-flex;
  display: -ms-flexbox;
  display: flex;
  box-sizing: border-box;
  max-width: 100%;
  background-color: transparent;
  color: #16213E;
  border: solid none #EDEDED;
  min-width: 0;
  min-height: 0;
  -webkit-flex-direction: column;
  -ms-flex-direction: column;
  flex-direction: column;
  -webkit-box-pack: end;
  -webkit-justify-content: flex-end;
  -ms-flex-pack: end;
  justify-content: flex-end;
  border-radius: 5px;
}

.c4 {
  display: inline-block;
  box-sizing: border-box;
  cursor: pointer;
  font: inherit;
  -webkit-text-decoration: none;
  text-decoration: none;
  margin: 0;
  background: transparent;
  overflow: visible;
  text-transform: none;
  color: inherit;
  outline: none;
  border: none;
  padding: 0;
  text-align: inherit;
  width: 100%;
  height: 100%;
  max-width: none;
  -webkit-flex: 1 0 auto;
  -ms-flex: 1 0 auto;
  flex: 1 0 auto;
}

.c4:focus {
  outline: none;
  box-shadow: 0 0 2px 2px #6FFFB0;
}

.c4:focus > circle,
.c4:focus > ellipse,
.c4:focus > line,
.c4:focus > path,
.c4:focus > polygon,
.c4:focus > polyline,
.c4:focus > rect {
  outline: none;
  box-shadow: 0 0 2px 2px #6FFFB0;
}

.c4:focus::-moz-focus-inner {
  border: 0;
}

.c4:focus:not(:focus-visible) {
  outline: none;
  box-shadow: none;
}

.c4:focus:not(:focus-visible) > circle,.c4:focus:not(:focus-visible) > ellipse,
.c4:focus:not(:focus-visible) > line,.c4:focus:not(:focus-visible) > path,
.c4:focus:not(:focus-visible) > polygon,.c4:focus:not(:focus-visible) > polyline,
.c4:focus:not(:focus-visible) > rect {
  outline: none;
  box-shadow: none;
}

.c4:focus:not(:focus-visible)::-moz-focus-inner {
  border: 0;
}

@media only screen and (max-width:768px) {

}

@media only screen and (max-width:768px) {
  .c3 {
    border: solid none #EDEDED;
  }
}

@media only screen and (min-width:768px) {
  .c2 {
    padding: 12px 12px 0;
  }
}

@media only screen and (max-width:768px) {
  .c2 {
    position: fixed;
    top: 0;
    right: 0;
    z-index: 4;
    padding: 6px;
  }
}

<div
  class="c0"
  style="min-height: 100vh;"
>
  <div
    class="c1 c2"
  >
    <div
      class="c3"
    >
      <button
        aria-expanded="false"
        aria-haspopup="menu"
        aria-label="Open Menu"
        class="c4"
        style="border: 0px;"
        type="button"
      >
        <div
          class="c5"
          data-testid="network-selector"
        >
          <svg
            aria-label="Network"
            class="c6"
            viewBox="0 0 24 24"
          >
            <path
              d="M7.5 7v8.514c0 4.243 5.5 2.829 5.5 6.6V24m-2-14L7.5 7 4 10m12.5-8v8.44c0 4.068-3.5 2.712-3.5 6.328V24m0-19 3.5-3L20 5"
              fill="none"
              stroke="#000"
              stroke-width="2"
            />
          </svg>
        </div>
      </button>
    </div>
  </div>
</div>
`;
