// Jest Snapshot v1, https://goo.gl/fbAQLP

exports[`<ParaTimeTransferType /> should render component 1`] = `
.c0 {
  display: -webkit-box;
  display: -webkit-flex;
  display: -ms-flexbox;
  display: flex;
  box-sizing: border-box;
  max-width: 100%;
  -webkit-align-items: center;
  -webkit-box-align: center;
  -ms-flex-align: center;
  align-items: center;
  min-width: 0;
  min-height: 0;
  -webkit-flex-direction: column;
  -ms-flex-direction: column;
  flex-direction: column;
}

.c2 {
  display: -webkit-box;
  display: -webkit-flex;
  display: -ms-flexbox;
  display: flex;
  box-sizing: border-box;
  max-width: 100%;
  margin-bottom: 48px;
  min-width: 0;
  min-height: 0;
  -webkit-flex-direction: column;
  -ms-flex-direction: column;
  flex-direction: column;
}

.c4 {
  display: -webkit-box;
  display: -webkit-flex;
  display: -ms-flexbox;
  display: flex;
  box-sizing: border-box;
  max-width: 100%;
  margin-bottom: 96px;
  -webkit-align-items: center;
  -webkit-box-align: center;
  -ms-flex-align: center;
  align-items: center;
  min-width: 0;
  min-height: 0;
  -webkit-flex-direction: column;
  -ms-flex-direction: column;
  flex-direction: column;
  width: 100%;
}

.c5 {
  display: -webkit-box;
  display: -webkit-flex;
  display: -ms-flexbox;
  display: flex;
  box-sizing: border-box;
  max-width: 100%;
  min-width: 0;
  min-height: 0;
  -webkit-flex-direction: column;
  -ms-flex-direction: column;
  flex-direction: column;
}

.c7 {
  -webkit-flex: 0 0 auto;
  -ms-flex: 0 0 auto;
  flex: 0 0 auto;
  -webkit-align-self: stretch;
  -ms-flex-item-align: stretch;
  align-self: stretch;
  height: 24px;
}

.c3 {
  font-size: 18px;
  line-height: 24px;
  text-align: center;
}

.c6 {
  display: inline-block;
  box-sizing: border-box;
  cursor: pointer;
  font: inherit;
  -webkit-text-decoration: none;
  text-decoration: none;
  margin: 0;
  background: transparent;
  overflow: visible;
  text-transform: none;
  border: 2px solid #7D4CDB;
  border-radius: 18px;
  color: #444444;
  padding: 4px 22px;
  font-size: 18px;
  line-height: 24px;
  background-color: #7D4CDB;
  color: #f8f8f8;
  border-radius: 18px;
  -webkit-transition-property: color,background-color,border-color,box-shadow;
  transition-property: color,background-color,border-color,box-shadow;
  -webkit-transition-duration: 0.1s;
  transition-duration: 0.1s;
  -webkit-transition-timing-function: ease-in-out;
  transition-timing-function: ease-in-out;
  width: 100%;
}

.c6:hover {
  box-shadow: 0px 0px 0px 2px #7D4CDB;
}

.c6:focus {
  outline: none;
  box-shadow: 0 0 2px 2px #6FFFB0;
}

.c6:focus > circle,
.c6:focus > ellipse,
.c6:focus > line,
.c6:focus > path,
.c6:focus > polygon,
.c6:focus > polyline,
.c6:focus > rect {
  outline: none;
  box-shadow: 0 0 2px 2px #6FFFB0;
}

.c6:focus::-moz-focus-inner {
  border: 0;
}

.c6:focus:not(:focus-visible) {
  outline: none;
  box-shadow: none;
}

.c6:focus:not(:focus-visible) > circle,.c6:focus:not(:focus-visible) > ellipse,
.c6:focus:not(:focus-visible) > line,.c6:focus:not(:focus-visible) > path,
.c6:focus:not(:focus-visible) > polygon,.c6:focus:not(:focus-visible) > polyline,
.c6:focus:not(:focus-visible) > rect {
  outline: none;
  box-shadow: none;
}

.c6:focus:not(:focus-visible)::-moz-focus-inner {
  border: 0;
}

.c8 {
  display: inline-block;
  box-sizing: border-box;
  cursor: pointer;
  font: inherit;
  -webkit-text-decoration: none;
  text-decoration: none;
  margin: 0;
  background: transparent;
  overflow: visible;
  text-transform: none;
  border: 2px solid #7D4CDB;
  border-radius: 18px;
  color: #444444;
  padding: 4px 22px;
  font-size: 18px;
  line-height: 24px;
  -webkit-transition-property: color,background-color,border-color,box-shadow;
  transition-property: color,background-color,border-color,box-shadow;
  -webkit-transition-duration: 0.1s;
  transition-duration: 0.1s;
  -webkit-transition-timing-function: ease-in-out;
  transition-timing-function: ease-in-out;
  width: 100%;
}

.c8:hover {
  box-shadow: 0px 0px 0px 2px #7D4CDB;
}

.c8:focus {
  outline: none;
  box-shadow: 0 0 2px 2px #6FFFB0;
}

.c8:focus > circle,
.c8:focus > ellipse,
.c8:focus > line,
.c8:focus > path,
.c8:focus > polygon,
.c8:focus > polyline,
.c8:focus > rect {
  outline: none;
  box-shadow: 0 0 2px 2px #6FFFB0;
}

.c8:focus::-moz-focus-inner {
  border: 0;
}

.c8:focus:not(:focus-visible) {
  outline: none;
  box-shadow: none;
}

.c8:focus:not(:focus-visible) > circle,.c8:focus:not(:focus-visible) > ellipse,
.c8:focus:not(:focus-visible) > line,.c8:focus:not(:focus-visible) > path,
.c8:focus:not(:focus-visible) > polygon,.c8:focus:not(:focus-visible) > polyline,
.c8:focus:not(:focus-visible) > rect {
  outline: none;
  box-shadow: none;
}

.c8:focus:not(:focus-visible)::-moz-focus-inner {
  border: 0;
}

.c1 {
  margin-bottom: 48px;
  font-size: 26px;
  line-height: 32px;
  max-width: 624px;
  font-weight: 600;
  overflow-wrap: break-word;
}

@media only screen and (max-width:768px) {
  .c2 {
    margin-bottom: 24px;
  }
}

@media only screen and (max-width:768px) {
  .c1 {
    margin-bottom: 24px;
  }
}

@media only screen and (max-width:768px) {
  .c1 {
    font-size: 18px;
    line-height: 24px;
    max-width: 432px;
  }
}

<div>
  <div
    class="c0"
  >
    <h3
      class="c1"
    >
      paraTimes.common.header
    </h3>
    <div
      class="c2"
      style="max-width: 550px;"
    >
      <span
        class="c3"
        data-testid="paraTime-content-description"
      >
        paraTimes.transfers.description
      </span>
    </div>
    <div
      class="c4"
    >
      <div
        class="c5"
      >
        <div
          class="c5"
        >
          <button
            class="c6"
            type="button"
          >
            paraTimes.transfers.deposit
          </button>
        </div>
        <div
          class="c7"
        />
        <button
          class="c8"
          type="button"
        >
          paraTimes.transfers.withdraw
        </button>
      </div>
    </div>
  </div>
</div>
`;
