// Jest Snapshot v1, https://goo.gl/fbAQLP

exports[`<PrettyAddress  /> should match snapshot 1`] = `
.c0 {
  font-size: 18px;
  line-height: 24px;
}

<span
  class="c0"
  style="font-family: Roboto mono; letter-spacing: 0;"
>
  <span
    class="notranslate"
    translate="no"
  >
    oasis1 qq2v zcvx n0js 5uns ch5m e2xz 4kr4 3vca sv0d 5eq4
  </span>
</span>
`;

exports[`<PrettyAddress  /> should split the address 1`] = `
.c0 {
  font-size: 18px;
  line-height: 24px;
}

<span
  class="c0"
  style="font-family: Roboto mono; letter-spacing: 0;"
>
  <span
    class="notranslate"
    translate="no"
  >
    oasis1 qq2v zcvx n0js 5uns ch5m e2xz 4kr4 3vca sv0d 5eq4
  </span>
</span>
`;
