// Jest Snapshot v1, https://goo.gl/fbAQLP

exports[`<TransactionRecipient /> should render EVMc withdraw variant component 1`] = `
.c0 {
  font-size: 18px;
  line-height: 24px;
  text-align: center;
}

@media only screen and (max-width:768px) {

}

@media only screen and (max-width:768px) {

}

@media only screen and (max-width:768px) {

}

@media only screen and (max-width:768px) {

}

@media only screen and (max-width:768px) {

}

@media only screen and (max-width:768px) {

}

@media only screen and (max-width:768px) {

}

<span
  class="c0"
  data-testid="paraTime-content-description"
>
  Please enter the private key of the account on ParaTime, the recipient address on consensus and click "Next"
</span>
`;

exports[`<TransactionRecipient /> should render component 1`] = `
.c0 {
  display: -webkit-box;
  display: -webkit-flex;
  display: -ms-flexbox;
  display: flex;
  box-sizing: border-box;
  max-width: 100%;
  -webkit-align-items: center;
  -webkit-box-align: center;
  -ms-flex-align: center;
  align-items: center;
  min-width: 0;
  min-height: 0;
  -webkit-flex-direction: column;
  -ms-flex-direction: column;
  flex-direction: column;
}

.c2 {
  display: -webkit-box;
  display: -webkit-flex;
  display: -ms-flexbox;
  display: flex;
  box-sizing: border-box;
  max-width: 100%;
  margin-bottom: 48px;
  min-width: 0;
  min-height: 0;
  -webkit-flex-direction: column;
  -ms-flex-direction: column;
  flex-direction: column;
}

.c4 {
  display: -webkit-box;
  display: -webkit-flex;
  display: -ms-flexbox;
  display: flex;
  box-sizing: border-box;
  max-width: 100%;
  margin-bottom: 96px;
  -webkit-align-items: center;
  -webkit-box-align: center;
  -ms-flex-align: center;
  align-items: center;
  min-width: 0;
  min-height: 0;
  -webkit-flex-direction: column;
  -ms-flex-direction: column;
  flex-direction: column;
  width: 100%;
}

.c5 {
  display: -webkit-box;
  display: -webkit-flex;
  display: -ms-flexbox;
  display: flex;
  box-sizing: border-box;
  max-width: 100%;
  margin-bottom: 24px;
  min-width: 0;
  min-height: 0;
  -webkit-flex-direction: column;
  -ms-flex-direction: column;
  flex-direction: column;
}

.c6 {
  display: -webkit-box;
  display: -webkit-flex;
  display: -ms-flexbox;
  display: flex;
  box-sizing: border-box;
  max-width: 100%;
  margin-bottom: 12px;
  min-width: 0;
  min-height: 0;
  -webkit-flex-direction: column;
  -ms-flex-direction: column;
  flex-direction: column;
}

.c7 {
  display: -webkit-box;
  display: -webkit-flex;
  display: -ms-flexbox;
  display: flex;
  box-sizing: border-box;
  max-width: 100%;
  border-bottom: solid 1px rgba(0,0,0,0.33);
  min-width: 0;
  min-height: 0;
  -webkit-flex-direction: column;
  -ms-flex-direction: column;
  flex-direction: column;
}

.c10 {
  display: -webkit-box;
  display: -webkit-flex;
  display: -ms-flexbox;
  display: flex;
  box-sizing: border-box;
  max-width: 100%;
  margin-bottom: 48px;
  -webkit-align-items: center;
  -webkit-box-align: center;
  -ms-flex-align: center;
  align-items: center;
  min-width: 0;
  min-height: 0;
  -webkit-flex-direction: column;
  -ms-flex-direction: column;
  flex-direction: column;
}

.c3 {
  font-size: 18px;
  line-height: 24px;
  text-align: center;
}

.c11 {
  display: inline-block;
  box-sizing: border-box;
  cursor: pointer;
  font: inherit;
  -webkit-text-decoration: none;
  text-decoration: none;
  margin: 0;
  background: transparent;
  overflow: visible;
  text-transform: none;
  border: 2px solid #7D4CDB;
  border-radius: 18px;
  color: #444444;
  padding: 4px 22px;
  font-size: 18px;
  line-height: 24px;
  background-color: #7D4CDB;
  color: #f8f8f8;
  border-radius: 18px;
  -webkit-transition-property: color,background-color,border-color,box-shadow;
  transition-property: color,background-color,border-color,box-shadow;
  -webkit-transition-duration: 0.1s;
  transition-duration: 0.1s;
  -webkit-transition-timing-function: ease-in-out;
  transition-timing-function: ease-in-out;
  width: 100%;
}

.c11:hover {
  box-shadow: 0px 0px 0px 2px #7D4CDB;
}

.c11:focus {
  outline: none;
  box-shadow: 0 0 2px 2px #6FFFB0;
}

.c11:focus > circle,
.c11:focus > ellipse,
.c11:focus > line,
.c11:focus > path,
.c11:focus > polygon,
.c11:focus > polyline,
.c11:focus > rect {
  outline: none;
  box-shadow: 0 0 2px 2px #6FFFB0;
}

.c11:focus::-moz-focus-inner {
  border: 0;
}

.c11:focus:not(:focus-visible) {
  outline: none;
  box-shadow: none;
}

.c11:focus:not(:focus-visible) > circle,.c11:focus:not(:focus-visible) > ellipse,
.c11:focus:not(:focus-visible) > line,.c11:focus:not(:focus-visible) > path,
.c11:focus:not(:focus-visible) > polygon,.c11:focus:not(:focus-visible) > polyline,
.c11:focus:not(:focus-visible) > rect {
  outline: none;
  box-shadow: none;
}

.c11:focus:not(:focus-visible)::-moz-focus-inner {
  border: 0;
}

.c9 {
  box-sizing: border-box;
  font-size: inherit;
  font-family: inherit;
  border: none;
  -webkit-appearance: none;
  background: transparent;
  color: inherit;
  width: 100%;
  padding: 11px;
  font-weight: 600;
  margin: 0;
  border: 1px solid rgba(0,0,0,0.33);
  border-radius: 4px;
  outline: none;
  border: none;
}

.c9::-webkit-input-placeholder {
  color: #AAAAAA;
}

.c9::-moz-placeholder {
  color: #AAAAAA;
}

.c9:-ms-input-placeholder {
  color: #AAAAAA;
}

.c9::-webkit-search-decoration {
  -webkit-appearance: none;
}

.c9::-moz-focus-inner {
  border: none;
  outline: none;
}

.c9:-moz-placeholder,
.c9::-moz-placeholder {
  opacity: 1;
}

.c8 {
  position: relative;
  width: 100%;
}

.c1 {
  margin-bottom: 48px;
  font-size: 26px;
  line-height: 32px;
  max-width: 624px;
  font-weight: 600;
  overflow-wrap: break-word;
}

@media only screen and (max-width:768px) {
  .c2 {
    margin-bottom: 24px;
  }
}

@media only screen and (max-width:768px) {
  .c5 {
    margin-bottom: 12px;
  }
}

@media only screen and (max-width:768px) {
  .c6 {
    margin-bottom: 6px;
  }
}

@media only screen and (max-width:768px) {
  .c7 {
    border-bottom: solid 1px rgba(0,0,0,0.33);
  }
}

@media only screen and (max-width:768px) {
  .c10 {
    margin-bottom: 24px;
  }
}

@media only screen and (max-width:768px) {
  .c1 {
    margin-bottom: 24px;
  }
}

@media only screen and (max-width:768px) {
  .c1 {
    font-size: 18px;
    line-height: 24px;
    max-width: 432px;
  }
}

<div>
  <div
    class="c0"
  >
    <h3
      class="c1"
    >
      Deposit to ParaTime
    </h3>
    <div
      class="c2"
      style="max-width: 550px;"
    >
      <span
        class="c3"
        data-testid="paraTime-content-description"
      >
        <span>
          Please enter the recipient address on 
        </span>
        <strong>
          <span>
            Cipher
          </span>
        </strong>
        <span>
            and then click "Next"
        </span>
      </span>
    </div>
    <div
      class="c4"
    >
      <form
        autocapitalize="off"
        autocomplete="off"
        autocorrect="off"
        spellcheck="false"
        style="width: 465px;"
      >
        <div
          class="c5"
        >
          <div
            class="c6 "
          >
            <div
              class="c7 "
            >
              <div
                class="c8"
              >
                <input
                  autocomplete="off"
                  class="c9"
                  name="recipient"
                  placeholder="accountAddress"
                  value=""
                />
              </div>
            </div>
          </div>
        </div>
        <div
          class="c10"
        >
          <div
            class="c5"
          >
            <button
              class="c11"
              type="submit"
            >
              Next
            </button>
          </div>
        </div>
      </form>
    </div>
  </div>
</div>
`;

exports[`<TransactionRecipient /> should render withdraw variant component 1`] = `
.c0 {
  font-size: 18px;
  line-height: 24px;
  text-align: center;
}

@media only screen and (max-width:768px) {

}

@media only screen and (max-width:768px) {

}

@media only screen and (max-width:768px) {

}

@media only screen and (max-width:768px) {

}

@media only screen and (max-width:768px) {

}

@media only screen and (max-width:768px) {

}

@media only screen and (max-width:768px) {

}

<span
  class="c0"
  data-testid="paraTime-content-description"
>
  Please enter the recipient address on consensus and click "Next"
</span>
`;
