// Jest Snapshot v1, https://goo.gl/fbAQLP

exports[`<TransactionHistory  /> should match snapshot 1`] = `<div />`;
