// Jest Snapshot v1, https://goo.gl/fbAQLP

exports[`<ParaTimeSelection /> should render component 1`] = `
.c15 {
  display: inline-block;
  -webkit-flex: 0 0 auto;
  -ms-flex: 0 0 auto;
  flex: 0 0 auto;
  width: 24px;
  height: 24px;
  fill: #7D4CDB;
  stroke: #7D4CDB;
}

.c15 g {
  fill: inherit;
  stroke: inherit;
}

.c15 *:not([stroke])[fill='none'] {
  stroke-width: 0;
}

.c15 *[stroke*='#'],.c15 *[STROKE*='#'] {
  stroke: inherit;
  fill: none;
}

.c15 *[fill-rule],
.c15 *[FILL-RULE],
.c15 *[fill*='#'],.c15 *[FILL*='#'] {
  fill: inherit;
  stroke: none;
}

.c0 {
  display: -webkit-box;
  display: -webkit-flex;
  display: -ms-flexbox;
  display: flex;
  box-sizing: border-box;
  max-width: 100%;
  -webkit-align-items: center;
  -webkit-box-align: center;
  -ms-flex-align: center;
  align-items: center;
  min-width: 0;
  min-height: 0;
  -webkit-flex-direction: column;
  -ms-flex-direction: column;
  flex-direction: column;
}

.c2 {
  display: -webkit-box;
  display: -webkit-flex;
  display: -ms-flexbox;
  display: flex;
  box-sizing: border-box;
  max-width: 100%;
  margin-bottom: 48px;
  min-width: 0;
  min-height: 0;
  -webkit-flex-direction: column;
  -ms-flex-direction: column;
  flex-direction: column;
}

.c4 {
  display: -webkit-box;
  display: -webkit-flex;
  display: -ms-flexbox;
  display: flex;
  box-sizing: border-box;
  max-width: 100%;
  margin-bottom: 96px;
  -webkit-align-items: center;
  -webkit-box-align: center;
  -ms-flex-align: center;
  align-items: center;
  min-width: 0;
  min-height: 0;
  -webkit-flex-direction: column;
  -ms-flex-direction: column;
  flex-direction: column;
  width: 100%;
}

.c5 {
  display: -webkit-box;
  display: -webkit-flex;
  display: -ms-flexbox;
  display: flex;
  box-sizing: border-box;
  max-width: 100%;
  min-width: 0;
  min-height: 0;
  -webkit-flex-direction: column;
  -ms-flex-direction: column;
  flex-direction: column;
}

.c6 {
  display: -webkit-box;
  display: -webkit-flex;
  display: -ms-flexbox;
  display: flex;
  box-sizing: border-box;
  max-width: 100%;
  margin-bottom: 24px;
  min-width: 0;
  min-height: 0;
  -webkit-flex-direction: column;
  -ms-flex-direction: column;
  flex-direction: column;
}

.c7 {
  display: -webkit-box;
  display: -webkit-flex;
  display: -ms-flexbox;
  display: flex;
  box-sizing: border-box;
  max-width: 100%;
  margin-bottom: 12px;
  min-width: 0;
  min-height: 0;
  -webkit-flex-direction: column;
  -ms-flex-direction: column;
  flex-direction: column;
}

.c8 {
  display: -webkit-box;
  display: -webkit-flex;
  display: -ms-flexbox;
  display: flex;
  box-sizing: border-box;
  max-width: 100%;
  border-bottom: solid 1px rgba(0,0,0,0.33);
  min-width: 0;
  min-height: 0;
  -webkit-flex-direction: column;
  -ms-flex-direction: column;
  flex-direction: column;
}

.c10 {
  display: -webkit-box;
  display: -webkit-flex;
  display: -ms-flexbox;
  display: flex;
  box-sizing: border-box;
  max-width: 100%;
  -webkit-align-items: center;
  -webkit-box-align: center;
  -ms-flex-align: center;
  align-items: center;
  min-width: 0;
  min-height: 0;
  -webkit-flex-direction: row;
  -ms-flex-direction: row;
  flex-direction: row;
  -webkit-box-pack: justify;
  -webkit-justify-content: space-between;
  -ms-flex-pack: justify;
  justify-content: space-between;
}

.c11 {
  display: -webkit-box;
  display: -webkit-flex;
  display: -ms-flexbox;
  display: flex;
  box-sizing: border-box;
  min-width: 0;
  min-height: 0;
  -webkit-flex-direction: row;
  -ms-flex-direction: row;
  flex-direction: row;
  -webkit-flex: 1 1;
  -ms-flex: 1 1;
  flex: 1 1;
  -webkit-flex-basis: auto;
  -ms-flex-preferred-size: auto;
  flex-basis: auto;
}

.c12 {
  display: -webkit-box;
  display: -webkit-flex;
  display: -ms-flexbox;
  display: flex;
  box-sizing: border-box;
  max-width: 100%;
  min-width: 0;
  min-height: 0;
  -webkit-flex-direction: row;
  -ms-flex-direction: row;
  flex-direction: row;
  width: 240px;
  -webkit-box-pack: justify;
  -webkit-justify-content: space-between;
  -ms-flex-pack: justify;
  justify-content: space-between;
  padding: 11px;
}

.c14 {
  display: -webkit-box;
  display: -webkit-flex;
  display: -ms-flexbox;
  display: flex;
  box-sizing: border-box;
  max-width: 100%;
  margin-left: 12px;
  margin-right: 12px;
  min-width: 0;
  min-height: 0;
  -webkit-flex-direction: column;
  -ms-flex-direction: column;
  flex-direction: column;
  -webkit-flex: 0 0 auto;
  -ms-flex: 0 0 auto;
  flex: 0 0 auto;
}

.c16 {
  display: -webkit-box;
  display: -webkit-flex;
  display: -ms-flexbox;
  display: flex;
  box-sizing: border-box;
  max-width: 100%;
  margin-bottom: 48px;
  -webkit-align-items: center;
  -webkit-box-align: center;
  -ms-flex-align: center;
  align-items: center;
  min-width: 0;
  min-height: 0;
  -webkit-flex-direction: column;
  -ms-flex-direction: column;
  flex-direction: column;
}

.c3 {
  font-size: 18px;
  line-height: 24px;
  text-align: center;
}

.c18 {
  font-size: 14px;
  line-height: 20px;
}

.c9 {
  display: inline-block;
  box-sizing: border-box;
  cursor: pointer;
  font: inherit;
  -webkit-text-decoration: none;
  text-decoration: none;
  margin: 0;
  background: transparent;
  overflow: visible;
  text-transform: none;
  color: inherit;
  outline: none;
  border: none;
  padding: 0;
  text-align: inherit;
}

.c9:focus:not(:focus-visible) {
  outline: none;
  box-shadow: none;
}

.c9:focus:not(:focus-visible) > circle,.c9:focus:not(:focus-visible) > ellipse,
.c9:focus:not(:focus-visible) > line,.c9:focus:not(:focus-visible) > path,
.c9:focus:not(:focus-visible) > polygon,.c9:focus:not(:focus-visible) > polyline,
.c9:focus:not(:focus-visible) > rect {
  outline: none;
  box-shadow: none;
}

.c9:focus:not(:focus-visible)::-moz-focus-inner {
  border: 0;
}

.c17 {
  display: inline-block;
  box-sizing: border-box;
  cursor: pointer;
  font: inherit;
  -webkit-text-decoration: none;
  text-decoration: none;
  margin: 0;
  background: transparent;
  overflow: visible;
  text-transform: none;
  border: 2px solid #7D4CDB;
  border-radius: 18px;
  color: #444444;
  padding: 4px 22px;
  font-size: 18px;
  line-height: 24px;
  background-color: #7D4CDB;
  color: #f8f8f8;
  border-radius: 18px;
  -webkit-transition-property: color,background-color,border-color,box-shadow;
  transition-property: color,background-color,border-color,box-shadow;
  -webkit-transition-duration: 0.1s;
  transition-duration: 0.1s;
  -webkit-transition-timing-function: ease-in-out;
  transition-timing-function: ease-in-out;
  width: 100%;
}

.c17:hover {
  box-shadow: 0px 0px 0px 2px #7D4CDB;
}

.c17:focus {
  outline: none;
  box-shadow: 0 0 2px 2px #6FFFB0;
}

.c17:focus > circle,
.c17:focus > ellipse,
.c17:focus > line,
.c17:focus > path,
.c17:focus > polygon,
.c17:focus > polyline,
.c17:focus > rect {
  outline: none;
  box-shadow: 0 0 2px 2px #6FFFB0;
}

.c17:focus::-moz-focus-inner {
  border: 0;
}

.c17:focus:not(:focus-visible) {
  outline: none;
  box-shadow: none;
}

.c17:focus:not(:focus-visible) > circle,.c17:focus:not(:focus-visible) > ellipse,
.c17:focus:not(:focus-visible) > line,.c17:focus:not(:focus-visible) > path,
.c17:focus:not(:focus-visible) > polygon,.c17:focus:not(:focus-visible) > polyline,
.c17:focus:not(:focus-visible) > rect {
  outline: none;
  box-shadow: none;
}

.c17:focus:not(:focus-visible)::-moz-focus-inner {
  border: 0;
}

.c13 {
  display: none;
}

.c1 {
  margin-bottom: 48px;
  font-size: 26px;
  line-height: 32px;
  max-width: 624px;
  font-weight: 600;
  overflow-wrap: break-word;
}

@media only screen and (max-width:768px) {
  .c2 {
    margin-bottom: 24px;
  }
}

@media only screen and (max-width:768px) {
  .c6 {
    margin-bottom: 12px;
  }
}

@media only screen and (max-width:768px) {
  .c7 {
    margin-bottom: 6px;
  }
}

@media only screen and (max-width:768px) {
  .c8 {
    border-bottom: solid 1px rgba(0,0,0,0.33);
  }
}

@media only screen and (max-width:768px) {
  .c12 {
    padding: 11px;
  }
}

@media only screen and (max-width:768px) {
  .c14 {
    margin-left: 6px;
    margin-right: 6px;
  }
}

@media only screen and (max-width:768px) {
  .c16 {
    margin-bottom: 24px;
  }
}

@media only screen and (max-width:768px) {
  .c1 {
    margin-bottom: 24px;
  }
}

@media only screen and (max-width:768px) {
  .c1 {
    font-size: 18px;
    line-height: 24px;
    max-width: 432px;
  }
}

<div>
  <div
    class="c0"
  >
    <h3
      class="c1"
    >
      paraTimes.common.depositHeader
    </h3>
    <div
      class="c2"
      style="max-width: 550px;"
    >
      <span
        class="c3"
        data-testid="paraTime-content-description"
      >
        paraTimes.selection.depositDescription
      </span>
    </div>
    <div
      class="c4"
    >
      <form>
        <div
          class="c5"
          style="max-width: 300px;"
        >
          <div
            class="c6"
          >
            <div
              class="c7 "
            >
              <div
                class="c8 "
              >
                <button
                  aria-expanded="false"
                  aria-haspopup="listbox"
                  aria-label="paraTimes.selection.select; Selected: cipher"
                  class="c9 "
                  type="button"
                >
                  <div
                    class="c10"
                  >
                    <div
                      class="c11"
                    >
                      <div
                        class="c12"
                      >
                        <span>
                          paraTimes.common.cipher
                        </span>
                      </div>
                      <input
                        class="c13"
                        name="paraTime"
                        readonly=""
                        type="text"
                        value="[object Object]"
                      />
                    </div>
                    <div
                      class="c14"
                      style="min-width: auto;"
                    >
                      <svg
                        aria-label="FormDown"
                        class="c15"
                        viewBox="0 0 24 24"
                      >
                        <path
                          d="m18 9-6 6-6-6"
                          fill="none"
                          stroke="#000"
                          stroke-width="2"
                        />
                      </svg>
                    </div>
                  </div>
                </button>
              </div>
            </div>
          </div>
        </div>
        <div
          class="c16"
        >
          <div
            class="c6"
          >
            <button
              class="c17"
              type="submit"
            >
              paraTimes.footer.next
            </button>
          </div>
        </div>
        <span
          class="c18"
        >
          paraTimes.footer.notice
        </span>
      </form>
    </div>
  </div>
</div>
`;
