// Jest Snapshot v1, https://goo.gl/fbAQLP

exports[`<App /> should render and match the snapshot 1`] = `
<FatalErrorHandler>
  <ModalProvider>
    <Helmet
      defaultTitle="Oasis Wallet"
      defer={true}
      encodeSpecialCharacters={true}
      htmlAttributes={
        {
          "lang": "en-US",
        }
      }
      prioritizeSeoTags={false}
      titleTemplate="%s - Oasis Wallet"
    >
      <meta
        content="A wallet for Oasis"
        name="description"
      />
    </Helmet>
    <BuildBanner />
    <Box
      background="background-back"
      direction="row-responsive"
      fill={true}
      style={
        {
          "minHeight": "100vh",
        }
      }
    >
      <PersistLoadingGate>
        <UnlockGate>
          <Navigation />
          <Box
            flex={true}
            pad={
              {
                "top": undefined,
              }
            }
          >
            <Main>
              <Toolbar />
              <Outlet />
              <Memo />
            </Main>
          </Box>
        </UnlockGate>
      </PersistLoadingGate>
    </Box>
  </ModalProvider>
</FatalErrorHandler>
`;
